Archive member included because of file (symbol)

c:/winavr-20090313/bin/../lib/gcc/avr/4.3.2/avr5\libgcc.a(_udivmodhi4.o)
                              7A_ADC_IRWLBAT_Sensor_display_On_LCD.o (__udivmodhi4)
c:/winavr-20090313/bin/../lib/gcc/avr/4.3.2/avr5\libgcc.a(_exit.o)
                              c:/winavr-20090313/bin/../lib/gcc/avr/4.3.2/../../../../avr/lib/avr5/crtm16.o (exit)
c:/winavr-20090313/bin/../lib/gcc/avr/4.3.2/avr5\libgcc.a(_clear_bss.o)
                              7A_ADC_IRWLBAT_Sensor_display_On_LCD.o (__do_clear_bss)

Allocating common symbols
Common symbol       size              file

Disturbance_temp    0x2               7A_ADC_IRWLBAT_Sensor_display_On_LCD.o
million             0x2               7A_ADC_IRWLBAT_Sensor_display_On_LCD.o
temp                0x2               7A_ADC_IRWLBAT_Sensor_display_On_LCD.o
vel                 0x1               7A_ADC_IRWLBAT_Sensor_display_On_LCD.o
i                   0x2               7A_ADC_IRWLBAT_Sensor_display_On_LCD.o
tens                0x2               7A_ADC_IRWLBAT_Sensor_display_On_LCD.o
Disturbance         0x2               7A_ADC_IRWLBAT_Sensor_display_On_LCD.o
ADC_Value1          0x1               7A_ADC_IRWLBAT_Sensor_display_On_LCD.o
hundred             0x2               7A_ADC_IRWLBAT_Sensor_display_On_LCD.o
sensor1             0x1               7A_ADC_IRWLBAT_Sensor_display_On_LCD.o
unit                0x2               7A_ADC_IRWLBAT_Sensor_display_On_LCD.o
thousand            0x2               7A_ADC_IRWLBAT_Sensor_display_On_LCD.o
sensor2             0x1               7A_ADC_IRWLBAT_Sensor_display_On_LCD.o
ADC_Value2          0x1               7A_ADC_IRWLBAT_Sensor_display_On_LCD.o

Memory Configuration

Name             Origin             Length             Attributes
text             0x00000000         0x00020000         xr
data             0x00800060         0x0000ffa0         rw !x
eeprom           0x00810000         0x00010000         rw !x
fuse             0x00820000         0x00000400         rw !x
lock             0x00830000         0x00000400         rw !x
signature        0x00840000         0x00000400         rw !x
*default*        0x00000000         0xffffffff

Linker script and memory map

LOAD c:/winavr-20090313/bin/../lib/gcc/avr/4.3.2/../../../../avr/lib/avr5/crtm16.o
LOAD 7A_ADC_IRWLBAT_Sensor_display_On_LCD.o
LOAD c:/winavr-20090313/bin/../lib/gcc/avr/4.3.2/avr5\libgcc.a
LOAD c:/winavr-20090313/bin/../lib/gcc/avr/4.3.2/../../../../avr/lib/avr5\libc.a
LOAD c:/winavr-20090313/bin/../lib/gcc/avr/4.3.2/avr5\libgcc.a

.hash
 *(.hash)

.dynsym
 *(.dynsym)

.dynstr
 *(.dynstr)

.gnu.version
 *(.gnu.version)

.gnu.version_d
 *(.gnu.version_d)

.gnu.version_r
 *(.gnu.version_r)

.rel.init
 *(.rel.init)

.rela.init
 *(.rela.init)

.rel.text
 *(.rel.text)
 *(.rel.text.*)
 *(.rel.gnu.linkonce.t*)

.rela.text
 *(.rela.text)
 *(.rela.text.*)
 *(.rela.gnu.linkonce.t*)

.rel.fini
 *(.rel.fini)

.rela.fini
 *(.rela.fini)

.rel.rodata
 *(.rel.rodata)
 *(.rel.rodata.*)
 *(.rel.gnu.linkonce.r*)

.rela.rodata
 *(.rela.rodata)
 *(.rela.rodata.*)
 *(.rela.gnu.linkonce.r*)

.rel.data
 *(.rel.data)
 *(.rel.data.*)
 *(.rel.gnu.linkonce.d*)

.rela.data
 *(.rela.data)
 *(.rela.data.*)
 *(.rela.gnu.linkonce.d*)

.rel.ctors
 *(.rel.ctors)

.rela.ctors
 *(.rela.ctors)

.rel.dtors
 *(.rel.dtors)

.rela.dtors
 *(.rela.dtors)

.rel.got
 *(.rel.got)

.rela.got
 *(.rela.got)

.rel.bss
 *(.rel.bss)

.rela.bss
 *(.rela.bss)

.rel.plt
 *(.rel.plt)

.rela.plt
 *(.rela.plt)

.text           0x00000000      0x590
 *(.vectors)
 .vectors       0x00000000       0x54 c:/winavr-20090313/bin/../lib/gcc/avr/4.3.2/../../../../avr/lib/avr5/crtm16.o
                0x00000000                __vectors
                0x00000000                __vector_default
 *(.vectors)
 *(.progmem.gcc*)
 *(.progmem*)
                0x00000054                . = ALIGN (0x2)
                0x00000054                __trampolines_start = .
 *(.trampolines)
 .trampolines   0x00000054        0x0 linker stubs
 *(.trampolines*)
                0x00000054                __trampolines_end = .
 *(.jumptables)
 *(.jumptables*)
 *(.lowtext)
 *(.lowtext*)
                0x00000054                __ctors_start = .
 *(.ctors)
                0x00000054                __ctors_end = .
                0x00000054                __dtors_start = .
 *(.dtors)
                0x00000054                __dtors_end = .
 SORT(*)(.ctors)
 SORT(*)(.dtors)
 *(.init0)
 .init0         0x00000054        0x0 c:/winavr-20090313/bin/../lib/gcc/avr/4.3.2/../../../../avr/lib/avr5/crtm16.o
                0x00000054                __init
 *(.init0)
 *(.init1)
 *(.init1)
 *(.init2)
 .init2         0x00000054        0xc c:/winavr-20090313/bin/../lib/gcc/avr/4.3.2/../../../../avr/lib/avr5/crtm16.o
 *(.init2)
 *(.init3)
 *(.init3)
 *(.init4)
 .init4         0x00000060       0x10 c:/winavr-20090313/bin/../lib/gcc/avr/4.3.2/avr5\libgcc.a(_clear_bss.o)
                0x00000060                __do_clear_bss
 *(.init4)
 *(.init5)
 *(.init5)
 *(.init6)
 *(.init6)
 *(.init7)
 *(.init7)
 *(.init8)
 *(.init8)
 *(.init9)
 .init9         0x00000070        0x8 c:/winavr-20090313/bin/../lib/gcc/avr/4.3.2/../../../../avr/lib/avr5/crtm16.o
 *(.init9)
 *(.text)
 .text          0x00000078        0x4 c:/winavr-20090313/bin/../lib/gcc/avr/4.3.2/../../../../avr/lib/avr5/crtm16.o
                0x00000078                __vector_1
                0x00000078                __vector_12
                0x00000078                __bad_interrupt
                0x00000078                __vector_6
                0x00000078                __vector_3
                0x00000078                __vector_11
                0x00000078                __vector_13
                0x00000078                __vector_17
                0x00000078                __vector_19
                0x00000078                __vector_7
                0x00000078                __vector_5
                0x00000078                __vector_4
                0x00000078                __vector_9
                0x00000078                __vector_2
                0x00000078                __vector_15
                0x00000078                __vector_8
                0x00000078                __vector_14
                0x00000078                __vector_10
                0x00000078                __vector_16
                0x00000078                __vector_18
                0x00000078                __vector_20
 .text          0x0000007c      0x4e8 7A_ADC_IRWLBAT_Sensor_display_On_LCD.o
                0x0000037c                port_init
                0x0000032a                back
                0x00000334                soft_stop
                0x00000362                motion_pin_config
                0x0000033c                timer1_init
                0x00000306                lcd_port_config
                0x000003d2                init_devices
                0x0000018c                lcd_home
                0x0000014a                lcd_wr_char
                0x00000194                lcd_string
                0x000001e6                lcd_print
                0x00000320                forward
                0x000000e0                lcd_wr_command
                0x000003c8                velocity
                0x000001ae                lcd_cursor
                0x000003b6                ADC_Conversion
                0x00000122                lcd_init
                0x00000408                main
                0x0000035c                adc_pin_config
                0x000003a6                adc_init
                0x00000314                motion_set
                0x0000007c                lcd_set_4bit
 .text          0x00000564        0x0 c:/winavr-20090313/bin/../lib/gcc/avr/4.3.2/avr5\libgcc.a(_udivmodhi4.o)
 .text          0x00000564        0x0 c:/winavr-20090313/bin/../lib/gcc/avr/4.3.2/avr5\libgcc.a(_exit.o)
 .text          0x00000564        0x0 c:/winavr-20090313/bin/../lib/gcc/avr/4.3.2/avr5\libgcc.a(_clear_bss.o)
                0x00000564                . = ALIGN (0x2)
 *(.text.*)
 .text.libgcc   0x00000564       0x28 c:/winavr-20090313/bin/../lib/gcc/avr/4.3.2/avr5\libgcc.a(_udivmodhi4.o)
                0x00000564                __udivmodhi4
 .text.libgcc   0x0000058c        0x0 c:/winavr-20090313/bin/../lib/gcc/avr/4.3.2/avr5\libgcc.a(_exit.o)
 .text.libgcc   0x0000058c        0x0 c:/winavr-20090313/bin/../lib/gcc/avr/4.3.2/avr5\libgcc.a(_clear_bss.o)
                0x0000058c                . = ALIGN (0x2)
 *(.fini9)
 .fini9         0x0000058c        0x0 c:/winavr-20090313/bin/../lib/gcc/avr/4.3.2/avr5\libgcc.a(_exit.o)
                0x0000058c                exit
                0x0000058c                _exit
 *(.fini9)
 *(.fini8)
 *(.fini8)
 *(.fini7)
 *(.fini7)
 *(.fini6)
 *(.fini6)
 *(.fini5)
 *(.fini5)
 *(.fini4)
 *(.fini4)
 *(.fini3)
 *(.fini3)
 *(.fini2)
 *(.fini2)
 *(.fini1)
 *(.fini1)
 *(.fini0)
 .fini0         0x0000058c        0x4 c:/winavr-20090313/bin/../lib/gcc/avr/4.3.2/avr5\libgcc.a(_exit.o)
 *(.fini0)
                0x00000590                _etext = .

.data           0x00800060        0x0 load address 0x00000590
                0x00800060                PROVIDE (__data_start, .)
 *(.data)
 .data          0x00800060        0x0 c:/winavr-20090313/bin/../lib/gcc/avr/4.3.2/../../../../avr/lib/avr5/crtm16.o
 .data          0x00800060        0x0 7A_ADC_IRWLBAT_Sensor_display_On_LCD.o
 .data          0x00800060        0x0 c:/winavr-20090313/bin/../lib/gcc/avr/4.3.2/avr5\libgcc.a(_udivmodhi4.o)
 .data          0x00800060        0x0 c:/winavr-20090313/bin/../lib/gcc/avr/4.3.2/avr5\libgcc.a(_exit.o)
 .data          0x00800060        0x0 c:/winavr-20090313/bin/../lib/gcc/avr/4.3.2/avr5\libgcc.a(_clear_bss.o)
 *(.data*)
 *(.rodata)
 *(.rodata*)
 *(.gnu.linkonce.d*)
                0x00800060                . = ALIGN (0x2)
                0x00800060                _edata = .
                0x00800060                PROVIDE (__data_end, .)

.bss            0x00800060       0x17
                0x00800060                PROVIDE (__bss_start, .)
 *(.bss)
 .bss           0x00800060        0x0 c:/winavr-20090313/bin/../lib/gcc/avr/4.3.2/../../../../avr/lib/avr5/crtm16.o
 .bss           0x00800060        0x0 7A_ADC_IRWLBAT_Sensor_display_On_LCD.o
 .bss           0x00800060        0x0 c:/winavr-20090313/bin/../lib/gcc/avr/4.3.2/avr5\libgcc.a(_udivmodhi4.o)
 .bss           0x00800060        0x0 c:/winavr-20090313/bin/../lib/gcc/avr/4.3.2/avr5\libgcc.a(_exit.o)
 .bss           0x00800060        0x0 c:/winavr-20090313/bin/../lib/gcc/avr/4.3.2/avr5\libgcc.a(_clear_bss.o)
 *(.bss*)
 *(COMMON)
 COMMON         0x00800060       0x17 7A_ADC_IRWLBAT_Sensor_display_On_LCD.o
                0x00800060                Disturbance_temp
                0x00800062                million
                0x00800064                temp
                0x00800066                vel
                0x00800067                i
                0x00800069                tens
                0x0080006b                Disturbance
                0x0080006d                ADC_Value1
                0x0080006e                hundred
                0x00800070                sensor1
                0x00800071                unit
                0x00800073                thousand
                0x00800075                sensor2
                0x00800076                ADC_Value2
                0x00800077                PROVIDE (__bss_end, .)
                0x00000590                __data_load_start = LOADADDR (.data)
                0x00000590                __data_load_end = (__data_load_start + SIZEOF (.data))

.noinit         0x00800077        0x0
                0x00800077                PROVIDE (__noinit_start, .)
 *(.noinit*)
                0x00800077                PROVIDE (__noinit_end, .)
                0x00800077                _end = .
                0x00800077                PROVIDE (__heap_start, .)

.eeprom         0x00810000        0x0
 *(.eeprom*)
                0x00810000                __eeprom_end = .

.fuse
 *(.fuse)
 *(.lfuse)
 *(.hfuse)
 *(.efuse)

.lock
 *(.lock*)

.signature
 *(.signature*)

.stab
 *(.stab)

.stabstr
 *(.stabstr)

.stab.excl
 *(.stab.excl)

.stab.exclstr
 *(.stab.exclstr)

.stab.index
 *(.stab.index)

.stab.indexstr
 *(.stab.indexstr)

.comment
 *(.comment)

.debug
 *(.debug)

.line
 *(.line)

.debug_srcinfo
 *(.debug_srcinfo)

.debug_sfnames
 *(.debug_sfnames)

.debug_aranges  0x00000000       0x20
 *(.debug_aranges)
 .debug_aranges
                0x00000000       0x20 7A_ADC_IRWLBAT_Sensor_display_On_LCD.o

.debug_pubnames
                0x00000000      0x209
 *(.debug_pubnames)
 .debug_pubnames
                0x00000000      0x209 7A_ADC_IRWLBAT_Sensor_display_On_LCD.o

.debug_info     0x00000000      0xa6f
 *(.debug_info)
 .debug_info    0x00000000      0xa6f 7A_ADC_IRWLBAT_Sensor_display_On_LCD.o
 *(.gnu.linkonce.wi.*)

.debug_abbrev   0x00000000      0x213
 *(.debug_abbrev)
 .debug_abbrev  0x00000000      0x213 7A_ADC_IRWLBAT_Sensor_display_On_LCD.o

.debug_line     0x00000000      0x8cc
 *(.debug_line)
 .debug_line    0x00000000      0x8cc 7A_ADC_IRWLBAT_Sensor_display_On_LCD.o

.debug_frame    0x00000000      0x170
 *(.debug_frame)
 .debug_frame   0x00000000      0x170 7A_ADC_IRWLBAT_Sensor_display_On_LCD.o

.debug_str      0x00000000      0x307
 *(.debug_str)
 .debug_str     0x00000000      0x307 7A_ADC_IRWLBAT_Sensor_display_On_LCD.o
                                0x345 (size before relaxing)

.debug_loc      0x00000000      0x31d
 *(.debug_loc)
 .debug_loc     0x00000000      0x31d 7A_ADC_IRWLBAT_Sensor_display_On_LCD.o

.debug_macinfo
 *(.debug_macinfo)
OUTPUT(7A_ADC_IRWLBAT_Sensor_display_On_LCD.elf elf32-avr)
LOAD linker stubs
